// Vitest Snapshot v1, https://vitest.dev/guide/snapshot.html

exports[`블록 반복 · 밟은 자리 원칙 > 납입면제 시나리오 — 2종 · 3사유: 납입면제종마다 항 › 사유마다 호 · 부가항 · 정의 조(합집합 ∩ 정의조대상) (결정 11 · 23) 1`] = `
[
  "제1조(보험료의 납입면제)",
  "  ① 1종으로 가입한 경우",
  "    1. 암(유사암제외)으로 진단확정",
  "    2. 상해로 장해",
  "    3. 질병으로 장해",
  "  ② 2종으로 가입한 경우",
  "    1. 암(유사암제외)으로 진단확정",
  "    2. 뇌졸중으로 진단확정",
  "  ③ 암보장개시일",
  "제2조(정의 및 진단확정)",
  "  ① 암(유사암제외)의 정의",
  "  ② 뇌졸중의 정의",
]
`;
